[36mvite v5.4.19 [32mbuilding for production...[36m[39m
transforming...
node.exe : Browserslist: 
browsers data (caniuse-lite) 
is 7 months old. Please run:
At line:1 char:1
+ & "C:\Program 
Files\nodejs/node.exe" 
"C:\Program 
Files\nodejs/node_mo ...
+ ~~~~~~~~~~~~~~~~~~~~~~~~~~~
~~~~~~~~~~~~~~~~~~~~~~~~~~~~~
~~~~~~~~~~~~~
    + CategoryInfo           
   : NotSpecified: (Browser  
  slist: b...ld. Please ru   
 n::String) [], RemoteExc    
eption
    + FullyQualifiedErrorId  
   : NativeCommandError
 
  npx 
update-browserslist-db@latest
  Why you should do it 
regularly: https://github.com
/browserslist/update-db#readm
e
[32mΓ£ô[39m 77 modules transformed.
[31mx[39m Build failed in 
1.57s
[31merror during build:
[31m[vite:esbuild] 
Transform failed with 1 
error:
C:/Users/khunb/projects/karao
ke-connect/src/components/Roo
mMenu.tsx:1:0: ERROR: 
Unexpected "∩┐╜"[31m
file: [36mC:/Users/khunb/pro
jects/karaoke-connect/src/com
ponents/RoomMenu.tsx:1:0[31m
[33m
[33mUnexpected "∩┐╜"[33m
1  |  ∩┐╜∩┐╜i m p o r t  
 R e a c t ,   {  
 u s e S t a t e   }  
 f r o m   ' r e a c t ' ; 
 
   |  ^
2  |   i m p o r t   {   
 
3  |      
 S e t t i n g s ,   
 
[31m
    at failureErrorWithLog (C
:\Users\khunb\projects\karaok
e-connect\node_modules\esbuil
d\lib\main.js:1472:15)
    at C:\Users\khunb\project
s\karaoke-connect\node_module
s\esbuild\lib\main.js:755:50
    at 
responseCallbacks.<computed> 
(C:\Users\khunb\projects\kara
oke-connect\node_modules\esbu
ild\lib\main.js:622:9)
    at handleIncomingPacket (
C:\Users\khunb\projects\karao
ke-connect\node_modules\esbui
ld\lib\main.js:677:12)
    at Socket.readFromStdout 
(C:\Users\khunb\projects\kara
oke-connect\node_modules\esbu
ild\lib\main.js:600:7)
    at Socket.emit 
(node:events:508:28)
    at addChunk (node:interna
l/streams/readable:559:12)
    at 
readableAddChunkPushByteMode 
(node:internal/streams/readab
le:510:3)
    at Readable.push (node:in
ternal/streams/readable:390:5
)
    at Pipe.onStreamRead (nod
e:internal/stream_base_common
s:189:23)[39m
